---
source: src/polyomino.rs
expression: outline
---
[
    Vector8 {
        x: 0,
        y: -1,
    },
    Vector8 {
        x: 2,
        y: -1,
    },
    Vector8 {
        x: 2,
        y: 1,
    },
    Vector8 {
        x: 0,
        y: 1,
    },
]
