---
source: src/polyomino.rs
expression: outline
---
[
  {
    "x": 0,
    "y": 0
  },
  {
    "x": 5,
    "y": 0
  },
  {
    "x": 5,
    "y": 1
  },
  {
    "x": 0,
    "y": 1
  }
]
