---
source: src/shape.rs
expression: outline
---
[
    RelativeCoordinate {
        x: 0,
        y: -1,
    },
    RelativeCoordinate {
        x: 1,
        y: -1,
    },
    RelativeCoordinate {
        x: 1,
        y: 1,
    },
    RelativeCoordinate {
        x: 0,
        y: 1,
    },
]
