---
source: src/polyomino.rs
expression: outline
---
[
    RelativeCoordinate {
        x: 0,
        y: 0,
    },
    RelativeCoordinate {
        x: 1,
        y: 0,
    },
    RelativeCoordinate {
        x: 1,
        y: 1,
    },
    RelativeCoordinate {
        x: 0,
        y: 1,
    },
]
