---
source: src/polyomino.rs
expression: rectangles
---
[
    Rectangle {
        x: 0,
        y: -2,
        width: 1,
        height: 5,
    },
]
