---
source: src/polyomino.rs
expression: rectangles
---
[
  {
    "north_west": {
      "x": 0,
      "y": 3
    },
    "width": 2,
    "height": 1
  },
  {
    "north_west": {
      "x": 0,
      "y": 0
    },
    "width": 1,
    "height": 3
  }
]
