---
source: src/polyomino.rs
expression: outline
---
[
  {
    "x": -1,
    "y": -1
  },
  {
    "x": 0,
    "y": -1
  },
  {
    "x": 0,
    "y": 0
  },
  {
    "x": 1,
    "y": 0
  },
  {
    "x": 1,
    "y": -1
  },
  {
    "x": 2,
    "y": -1
  },
  {
    "x": 2,
    "y": 1
  },
  {
    "x": -1,
    "y": 1
  }
]
